{'k': 10, 'd': 100, 'n': 2, 'M': 32, 'method': 'raw', 'rep': 0, 'skill': 1.85, 'generator_bias': -46.967, 'seconds': 5.114, 'f_calls': 7680}
{'k': 10, 'd': 100, 'n': 2, 'M': 32, 'method': 'oracle_state', 'rep': 0, 'skill': 0.079, 'generator_bias': 0.0, 'seconds': 4.939, 'f_calls': 7680}
{'k': 10, 'd': 100, 'n': 2, 'M': 32, 'method': 'centre', 'rep': 0, 'skill': 0.495, 'generator_bias': 12.887, 'seconds': 5.088, 'f_calls': 7680}
{'k': 10, 'd': 100, 'n': 2, 'M': 32, 'method': 'path', 'rep': 0, 'skill': 0.148, 'generator_bias': 3.4, 'seconds': 7.805, 'f_calls': 7680}
{'k': 10, 'd': 100, 'n': 2, 'M': 32, 'method': 'path_cv_0', 'rep': 0, 'skill': 0.148, 'generator_bias': 3.4, 'seconds': 7.596, 'f_calls': 7680}
{'k': 10, 'd': 100, 'n': 2, 'M': 32, 'method': 'path_cv_gradg', 'rep': 0, 'skill': 0.148, 'generator_bias': 3.4, 'seconds': 8.077, 'f_calls': 7680}
{'k': 10, 'd': 100, 'n': 2, 'M': 32, 'method': 'defect_bismut_e0.03', 'rep': 0, 'skill': np.float64(0.002), 'surrogate_skill': 0.038, 'seconds': 3.445, 'f_calls': 7680}
{'k': 10, 'd': 100, 'n': 2, 'M': 32, 'method': 'defect_bismut_e0.1', 'rep': 0, 'skill': np.float64(0.017), 'surrogate_skill': 0.128, 'seconds': 3.673, 'f_calls': 7680}
{'k': 10, 'd': 100, 'n': 2, 'M': 32, 'method': 'defect_bismut_e0.3', 'rep': 0, 'skill': np.float64(0.144), 'surrogate_skill': 0.385, 'seconds': 3.618, 'f_calls': 7680}
{'k': 10, 'd': 100, 'n': 2, 'M': 32, 'method': 'defect_path_e0.03', 'rep': 0, 'skill': np.float64(0.001), 'surrogate_skill': 0.038, 'seconds': 5.617, 'f_calls': 7680}
{'k': 10, 'd': 100, 'n': 2, 'M': 32, 'method': 'defect_path_e0.1', 'rep': 0, 'skill': np.float64(0.003), 'surrogate_skill': 0.128, 'seconds': 6.518, 'f_calls': 7680}
{'k': 10, 'd': 100, 'n': 2, 'M': 32, 'method': 'defect_path_e0.3', 'rep': 0, 'skill': np.float64(0.01), 'surrogate_skill': 0.385, 'seconds': 8.643, 'f_calls': 7680}
{'k': 10, 'd': 100, 'n': 2, 'M': 32, 'method': 'raw', 'rep': 1, 'skill': 1.776, 'generator_bias': -47.352, 'seconds': 4.78, 'f_calls': 7680}
{'k': 10, 'd': 100, 'n': 2, 'M': 32, 'method': 'oracle_state', 'rep': 1, 'skill': 0.078, 'generator_bias': 0.0, 'seconds': 4.61, 'f_calls': 7680}
{'k': 10, 'd': 100, 'n': 2, 'M': 32, 'method': 'centre', 'rep': 1, 'skill': 0.498, 'generator_bias': 12.864, 'seconds': 4.558, 'f_calls': 7680}
{'k': 10, 'd': 100, 'n': 2, 'M': 32, 'method': 'path', 'rep': 1, 'skill': 0.161, 'generator_bias': 3.43, 'seconds': 14.296, 'f_calls': 7680}
{'k': 10, 'd': 100, 'n': 2, 'M': 32, 'method': 'path_cv_0', 'rep': 1, 'skill': 0.161, 'generator_bias': 3.43, 'seconds': 14.407, 'f_calls': 7680}
{'k': 10, 'd': 100, 'n': 2, 'M': 32, 'method': 'path_cv_gradg', 'rep': 1, 'skill': 0.161, 'generator_bias': 3.43, 'seconds': 13.752, 'f_calls': 7680}
{'k': 10, 'd': 100, 'n': 2, 'M': 32, 'method': 'defect_bismut_e0.03', 'rep': 1, 'skill': np.float64(0.002), 'surrogate_skill': 0.038, 'seconds': 3.711, 'f_calls': 7680}
{'k': 10, 'd': 100, 'n': 2, 'M': 32, 'method': 'defect_bismut_e0.1', 'rep': 1, 'skill': np.float64(0.016), 'surrogate_skill': 0.128, 'seconds': 4.454, 'f_calls': 7680}
{'k': 10, 'd': 100, 'n': 2, 'M': 32, 'method': 'defect_bismut_e0.3', 'rep': 1, 'skill': np.float64(0.139), 'surrogate_skill': 0.385, 'seconds': 3.193, 'f_calls': 7680}
{'k': 10, 'd': 100, 'n': 2, 'M': 32, 'method': 'defect_path_e0.03', 'rep': 1, 'skill': np.float64(0.001), 'surrogate_skill': 0.038, 'seconds': 4.409, 'f_calls': 7680}
{'k': 10, 'd': 100, 'n': 2, 'M': 32, 'method': 'defect_path_e0.1', 'rep': 1, 'skill': np.float64(0.003), 'surrogate_skill': 0.128, 'seconds': 5.463, 'f_calls': 7680}
{'k': 10, 'd': 100, 'n': 2, 'M': 32, 'method': 'defect_path_e0.3', 'rep': 1, 'skill': np.float64(0.01), 'surrogate_skill': 0.385, 'seconds': 5.164, 'f_calls': 7680}
{'k': 10, 'd': 100, 'n': 3, 'M': 6, 'method': 'raw', 'rep': 0, 'skill': 7143.163, 'generator_bias': -10665.793, 'seconds': 1.212, 'f_calls': 20160}
{'k': 10, 'd': 100, 'n': 3, 'M': 6, 'method': 'oracle_state', 'rep': 0, 'skill': 0.075, 'generator_bias': 0.0, 'seconds': 1.272, 'f_calls': 20160}
{'k': 10, 'd': 100, 'n': 3, 'M': 6, 'method': 'centre', 'rep': 0, 'skill': 0.506, 'generator_bias': 12.829, 'seconds': 1.069, 'f_calls': 20160}
{'k': 10, 'd': 100, 'n': 3, 'M': 6, 'method': 'path', 'rep': 0, 'skill': 11.851, 'generator_bias': -13.934, 'seconds': 1.392, 'f_calls': 20160}
{'k': 10, 'd': 100, 'n': 3, 'M': 6, 'method': 'path_cv_0', 'rep': 0, 'skill': 1.645, 'generator_bias': 0.321, 'seconds': 1.377, 'f_calls': 20160}
{'k': 10, 'd': 100, 'n': 3, 'M': 6, 'method': 'path_cv_gradg', 'rep': 0, 'skill': 0.907, 'generator_bias': 1.297, 'seconds': 1.932, 'f_calls': 20160}
{'k': 10, 'd': 100, 'n': 3, 'M': 6, 'method': 'defect_bismut_e0.03', 'rep': 0, 'skill': np.float64(0.015), 'surrogate_skill': 0.038, 'seconds': 1.8, 'f_calls': 20160}
{'k': 10, 'd': 100, 'n': 3, 'M': 6, 'method': 'defect_bismut_e0.1', 'rep': 0, 'skill': np.float64(0.512), 'surrogate_skill': 0.128, 'seconds': 3.069, 'f_calls': 20160}
{'k': 10, 'd': 100, 'n': 3, 'M': 6, 'method': 'defect_bismut_e0.3', 'rep': 0, 'skill': np.float64(33.199), 'surrogate_skill': 0.385, 'seconds': 3.072, 'f_calls': 20160}
{'k': 10, 'd': 100, 'n': 3, 'M': 6, 'method': 'defect_path_e0.03', 'rep': 0, 'skill': np.float64(0.003), 'surrogate_skill': 0.038, 'seconds': 2.969, 'f_calls': 20160}
{'k': 10, 'd': 100, 'n': 3, 'M': 6, 'method': 'defect_path_e0.1', 'rep': 0, 'skill': np.float64(0.014), 'surrogate_skill': 0.128, 'seconds': 3.153, 'f_calls': 20160}
{'k': 10, 'd': 100, 'n': 3, 'M': 6, 'method': 'defect_path_e0.3', 'rep': 0, 'skill': np.float64(0.103), 'surrogate_skill': 0.385, 'seconds': 2.241, 'f_calls': 20160}
{'k': 10, 'd': 100, 'n': 3, 'M': 6, 'method': 'raw', 'rep': 1, 'skill': 7821.461, 'generator_bias': -11152.978, 'seconds': 1.373, 'f_calls': 20160}
{'k': 10, 'd': 100, 'n': 3, 'M': 6, 'method': 'oracle_state', 'rep': 1, 'skill': 0.087, 'generator_bias': 0.0, 'seconds': 0.969, 'f_calls': 20160}
{'k': 10, 'd': 100, 'n': 3, 'M': 6, 'method': 'centre', 'rep': 1, 'skill': 0.499, 'generator_bias': 12.846, 'seconds': 0.991, 'f_calls': 20160}
{'k': 10, 'd': 100, 'n': 3, 'M': 6, 'method': 'path', 'rep': 1, 'skill': 12.172, 'generator_bias': -14.614, 'seconds': 1.256, 'f_calls': 20160}
{'k': 10, 'd': 100, 'n': 3, 'M': 6, 'method': 'path_cv_0', 'rep': 1, 'skill': 1.593, 'generator_bias': 0.29, 'seconds': 1.219, 'f_calls': 20160}
{'k': 10, 'd': 100, 'n': 3, 'M': 6, 'method': 'path_cv_gradg', 'rep': 1, 'skill': 0.975, 'generator_bias': 1.261, 'seconds': 1.699, 'f_calls': 20160}
{'k': 10, 'd': 100, 'n': 3, 'M': 6, 'method': 'defect_bismut_e0.03', 'rep': 1, 'skill': np.float64(0.018), 'surrogate_skill': 0.038, 'seconds': 1.506, 'f_calls': 20160}
{'k': 10, 'd': 100, 'n': 3, 'M': 6, 'method': 'defect_bismut_e0.1', 'rep': 1, 'skill': np.float64(0.482), 'surrogate_skill': 0.128, 'seconds': 3.329, 'f_calls': 20160}
{'k': 10, 'd': 100, 'n': 3, 'M': 6, 'method': 'defect_bismut_e0.3', 'rep': 1, 'skill': np.float64(30.961), 'surrogate_skill': 0.385, 'seconds': 3.665, 'f_calls': 20160}
{'k': 10, 'd': 100, 'n': 3, 'M': 6, 'method': 'defect_path_e0.03', 'rep': 1, 'skill': np.float64(0.003), 'surrogate_skill': 0.038, 'seconds': 5.907, 'f_calls': 20160}
{'k': 10, 'd': 100, 'n': 3, 'M': 6, 'method': 'defect_path_e0.1', 'rep': 1, 'skill': np.float64(0.013), 'surrogate_skill': 0.128, 'seconds': 5.863, 'f_calls': 20160}
{'k': 10, 'd': 100, 'n': 3, 'M': 6, 'method': 'defect_path_e0.3', 'rep': 1, 'skill': np.float64(0.097), 'surrogate_skill': 0.385, 'seconds': 2.902, 'f_calls': 20160}
{'k': 10, 'd': 400, 'n': 2, 'M': 32, 'method': 'raw', 'rep': 0, 'skill': 5.587, 'generator_bias': -135.957, 'seconds': 11.143, 'f_calls': 7680}
{'k': 10, 'd': 400, 'n': 2, 'M': 32, 'method': 'oracle_state', 'rep': 0, 'skill': 0.055, 'generator_bias': 0.0, 'seconds': 10.846, 'f_calls': 7680}
{'k': 10, 'd': 400, 'n': 2, 'M': 32, 'method': 'centre', 'rep': 0, 'skill': 0.389, 'generator_bias': 8.285, 'seconds': 10.514, 'f_calls': 7680}
{'k': 10, 'd': 400, 'n': 2, 'M': 32, 'method': 'path', 'rep': 0, 'skill': 0.136, 'generator_bias': 2.329, 'seconds': 22.623, 'f_calls': 7680}
{'k': 10, 'd': 400, 'n': 2, 'M': 32, 'method': 'path_cv_0', 'rep': 0, 'skill': 0.136, 'generator_bias': 2.329, 'seconds': 22.843, 'f_calls': 7680}
{'k': 10, 'd': 400, 'n': 2, 'M': 32, 'method': 'path_cv_gradg', 'rep': 0, 'skill': 0.136, 'generator_bias': 2.329, 'seconds': 22.831, 'f_calls': 7680}
{'k': 10, 'd': 400, 'n': 2, 'M': 32, 'method': 'defect_bismut_e0.03', 'rep': 0, 'skill': np.float64(0.004), 'surrogate_skill': 0.051, 'seconds': 10.969, 'f_calls': 7680}
{'k': 10, 'd': 400, 'n': 2, 'M': 32, 'method': 'defect_bismut_e0.1', 'rep': 0, 'skill': np.float64(0.044), 'surrogate_skill': 0.169, 'seconds': 10.669, 'f_calls': 7680}
{'k': 10, 'd': 400, 'n': 2, 'M': 32, 'method': 'defect_bismut_e0.3', 'rep': 0, 'skill': np.float64(0.396), 'surrogate_skill': 0.508, 'seconds': 10.726, 'f_calls': 7680}
{'k': 10, 'd': 400, 'n': 2, 'M': 32, 'method': 'defect_path_e0.03', 'rep': 0, 'skill': np.float64(0.001), 'surrogate_skill': 0.051, 'seconds': 12.862, 'f_calls': 7680}
{'k': 10, 'd': 400, 'n': 2, 'M': 32, 'method': 'defect_path_e0.1', 'rep': 0, 'skill': np.float64(0.003), 'surrogate_skill': 0.169, 'seconds': 13.057, 'f_calls': 7680}
{'k': 10, 'd': 400, 'n': 2, 'M': 32, 'method': 'defect_path_e0.3', 'rep': 0, 'skill': np.float64(0.009), 'surrogate_skill': 0.508, 'seconds': 13.332, 'f_calls': 7680}
{'k': 10, 'd': 400, 'n': 2, 'M': 32, 'method': 'raw', 'rep': 1, 'skill': 5.617, 'generator_bias': -135.578, 'seconds': 9.72, 'f_calls': 7680}
{'k': 10, 'd': 400, 'n': 2, 'M': 32, 'method': 'oracle_state', 'rep': 1, 'skill': 0.065, 'generator_bias': 0.0, 'seconds': 9.345, 'f_calls': 7680}
{'k': 10, 'd': 400, 'n': 2, 'M': 32, 'method': 'centre', 'rep': 1, 'skill': 0.391, 'generator_bias': 8.349, 'seconds': 9.813, 'f_calls': 7680}
{'k': 10, 'd': 400, 'n': 2, 'M': 32, 'method': 'path', 'rep': 1, 'skill': 0.134, 'generator_bias': 2.349, 'seconds': 18.77, 'f_calls': 7680}
{'k': 10, 'd': 400, 'n': 2, 'M': 32, 'method': 'path_cv_0', 'rep': 1, 'skill': 0.134, 'generator_bias': 2.349, 'seconds': 19.65, 'f_calls': 7680}
{'k': 10, 'd': 400, 'n': 2, 'M': 32, 'method': 'path_cv_gradg', 'rep': 1, 'skill': 0.134, 'generator_bias': 2.349, 'seconds': 21.982, 'f_calls': 7680}
{'k': 10, 'd': 400, 'n': 2, 'M': 32, 'method': 'defect_bismut_e0.03', 'rep': 1, 'skill': np.float64(0.004), 'surrogate_skill': 0.051, 'seconds': 10.858, 'f_calls': 7680}
{'k': 10, 'd': 400, 'n': 2, 'M': 32, 'method': 'defect_bismut_e0.1', 'rep': 1, 'skill': np.float64(0.045), 'surrogate_skill': 0.169, 'seconds': 10.557, 'f_calls': 7680}
{'k': 10, 'd': 400, 'n': 2, 'M': 32, 'method': 'defect_bismut_e0.3', 'rep': 1, 'skill': np.float64(0.399), 'surrogate_skill': 0.508, 'seconds': 10.458, 'f_calls': 7680}
{'k': 10, 'd': 400, 'n': 2, 'M': 32, 'method': 'defect_path_e0.03', 'rep': 1, 'skill': np.float64(0.001), 'surrogate_skill': 0.051, 'seconds': 11.627, 'f_calls': 7680}
{'k': 10, 'd': 400, 'n': 2, 'M': 32, 'method': 'defect_path_e0.1', 'rep': 1, 'skill': np.float64(0.003), 'surrogate_skill': 0.169, 'seconds': 11.399, 'f_calls': 7680}
{'k': 10, 'd': 400, 'n': 2, 'M': 32, 'method': 'defect_path_e0.3', 'rep': 1, 'skill': np.float64(0.009), 'surrogate_skill': 0.508, 'seconds': 13.315, 'f_calls': 7680}
{'k': 10, 'd': 400, 'n': 3, 'M': 6, 'method': 'raw', 'rep': 0, 'skill': 242668.86, 'generator_bias': -305029.975, 'seconds': 7.614, 'f_calls': 20160}
{'k': 10, 'd': 400, 'n': 3, 'M': 6, 'method': 'oracle_state', 'rep': 0, 'skill': 0.063, 'generator_bias': 0.0, 'seconds': 6.957, 'f_calls': 20160}
{'k': 10, 'd': 400, 'n': 3, 'M': 6, 'method': 'centre', 'rep': 0, 'skill': 0.386, 'generator_bias': 8.22, 'seconds': 7.659, 'f_calls': 20160}
{'k': 10, 'd': 400, 'n': 3, 'M': 6, 'method': 'path', 'rep': 0, 'skill': 31.11, 'generator_bias': -34.486, 'seconds': 15.28, 'f_calls': 20160}
{'k': 10, 'd': 400, 'n': 3, 'M': 6, 'method': 'path_cv_0', 'rep': 0, 'skill': 4.611, 'generator_bias': -3.169, 'seconds': 14.945, 'f_calls': 20160}
{'k': 10, 'd': 400, 'n': 3, 'M': 6, 'method': 'path_cv_gradg', 'rep': 0, 'skill': 1.945, 'generator_bias': -0.365, 'seconds': 11.259, 'f_calls': 20160}
{'k': 10, 'd': 400, 'n': 3, 'M': 6, 'method': 'defect_bismut_e0.03', 'rep': 0, 'skill': np.float64(0.105), 'surrogate_skill': 0.051, 'seconds': 6.941, 'f_calls': 20160}
{'k': 10, 'd': 400, 'n': 3, 'M': 6, 'method': 'defect_bismut_e0.1', 'rep': 0, 'skill': np.float64(12.141), 'surrogate_skill': 0.169, 'seconds': 6.573, 'f_calls': 20160}
{'k': 10, 'd': 400, 'n': 3, 'M': 6, 'method': 'defect_bismut_e0.3', 'rep': 0, 'skill': np.float64(1014.24), 'surrogate_skill': 0.508, 'seconds': 6.655, 'f_calls': 20160}
{'k': 10, 'd': 400, 'n': 3, 'M': 6, 'method': 'defect_path_e0.03', 'rep': 0, 'skill': np.float64(0.006), 'surrogate_skill': 0.051, 'seconds': 13.427, 'f_calls': 20160}
{'k': 10, 'd': 400, 'n': 3, 'M': 6, 'method': 'defect_path_e0.1', 'rep': 0, 'skill': np.float64(0.06), 'surrogate_skill': 0.169, 'seconds': 13.641, 'f_calls': 20160}
{'k': 10, 'd': 400, 'n': 3, 'M': 6, 'method': 'defect_path_e0.3', 'rep': 0, 'skill': np.float64(0.519), 'surrogate_skill': 0.508, 'seconds': 9.769, 'f_calls': 20160}
{'k': 10, 'd': 400, 'n': 3, 'M': 6, 'method': 'raw', 'rep': 1, 'skill': 274908.743, 'generator_bias': -336287.682, 'seconds': 6.342, 'f_calls': 20160}
{'k': 10, 'd': 400, 'n': 3, 'M': 6, 'method': 'oracle_state', 'rep': 1, 'skill': 0.063, 'generator_bias': 0.0, 'seconds': 7.043, 'f_calls': 20160}
{'k': 10, 'd': 400, 'n': 3, 'M': 6, 'method': 'centre', 'rep': 1, 'skill': 0.396, 'generator_bias': 8.251, 'seconds': 7.197, 'f_calls': 20160}
{'k': 10, 'd': 400, 'n': 3, 'M': 6, 'method': 'path', 'rep': 1, 'skill': 32.159, 'generator_bias': -34.618, 'seconds': 11.301, 'f_calls': 20160}
{'k': 10, 'd': 400, 'n': 3, 'M': 6, 'method': 'path_cv_0', 'rep': 1, 'skill': 4.543, 'generator_bias': -3.214, 'seconds': 12.312, 'f_calls': 20160}
{'k': 10, 'd': 400, 'n': 3, 'M': 6, 'method': 'path_cv_gradg', 'rep': 1, 'skill': 1.866, 'generator_bias': -0.367, 'seconds': 12.91, 'f_calls': 20160}
{'k': 10, 'd': 400, 'n': 3, 'M': 6, 'method': 'defect_bismut_e0.03', 'rep': 1, 'skill': np.float64(0.107), 'surrogate_skill': 0.051, 'seconds': 6.89, 'f_calls': 20160}
{'k': 10, 'd': 400, 'n': 3, 'M': 6, 'method': 'defect_bismut_e0.1', 'rep': 1, 'skill': np.float64(12.034), 'surrogate_skill': 0.169, 'seconds': 6.979, 'f_calls': 20160}
{'k': 10, 'd': 400, 'n': 3, 'M': 6, 'method': 'defect_bismut_e0.3', 'rep': 1, 'skill': np.float64(991.741), 'surrogate_skill': 0.508, 'seconds': 6.972, 'f_calls': 20160}
{'k': 10, 'd': 400, 'n': 3, 'M': 6, 'method': 'defect_path_e0.03', 'rep': 1, 'skill': np.float64(0.005), 'surrogate_skill': 0.051, 'seconds': 7.189, 'f_calls': 20160}
{'k': 10, 'd': 400, 'n': 3, 'M': 6, 'method': 'defect_path_e0.1', 'rep': 1, 'skill': np.float64(0.052), 'surrogate_skill': 0.169, 'seconds': 8.011, 'f_calls': 20160}
{'k': 10, 'd': 400, 'n': 3, 'M': 6, 'method': 'defect_path_e0.3', 'rep': 1, 'skill': np.float64(0.465), 'surrogate_skill': 0.508, 'seconds': 8.769, 'f_calls': 20160}
{'k': 50, 'd': 100, 'n': 2, 'M': 32, 'method': 'raw', 'rep': 0, 'skill': 2.431, 'generator_bias': -66.806, 'seconds': 4.703, 'f_calls': 7680}
{'k': 50, 'd': 100, 'n': 2, 'M': 32, 'method': 'oracle_state', 'rep': 0, 'skill': 0.107, 'generator_bias': 0.0, 'seconds': 4.836, 'f_calls': 7680}
{'k': 50, 'd': 100, 'n': 2, 'M': 32, 'method': 'centre', 'rep': 0, 'skill': 0.621, 'generator_bias': 16.833, 'seconds': 5.089, 'f_calls': 7680}
{'k': 50, 'd': 100, 'n': 2, 'M': 32, 'method': 'path', 'rep': 0, 'skill': 0.257, 'generator_bias': 6.499, 'seconds': 11.635, 'f_calls': 7680}
{'k': 50, 'd': 100, 'n': 2, 'M': 32, 'method': 'path_cv_0', 'rep': 0, 'skill': 0.257, 'generator_bias': 6.499, 'seconds': 11.779, 'f_calls': 7680}
{'k': 50, 'd': 100, 'n': 2, 'M': 32, 'method': 'path_cv_gradg', 'rep': 0, 'skill': 0.257, 'generator_bias': 6.499, 'seconds': 12.214, 'f_calls': 7680}
{'k': 50, 'd': 100, 'n': 2, 'M': 32, 'method': 'defect_bismut_e0.03', 'rep': 0, 'skill': np.float64(0.003), 'surrogate_skill': 0.04, 'seconds': 3.423, 'f_calls': 7680}
{'k': 50, 'd': 100, 'n': 2, 'M': 32, 'method': 'defect_bismut_e0.1', 'rep': 0, 'skill': np.float64(0.022), 'surrogate_skill': 0.134, 'seconds': 3.329, 'f_calls': 7680}
{'k': 50, 'd': 100, 'n': 2, 'M': 32, 'method': 'defect_bismut_e0.3', 'rep': 0, 'skill': np.float64(0.192), 'surrogate_skill': 0.401, 'seconds': 3.081, 'f_calls': 7680}
{'k': 50, 'd': 100, 'n': 2, 'M': 32, 'method': 'defect_path_e0.03', 'rep': 0, 'skill': np.float64(0.001), 'surrogate_skill': 0.04, 'seconds': 5.986, 'f_calls': 7680}
{'k': 50, 'd': 100, 'n': 2, 'M': 32, 'method': 'defect_path_e0.1', 'rep': 0, 'skill': np.float64(0.004), 'surrogate_skill': 0.134, 'seconds': 8.646, 'f_calls': 7680}
{'k': 50, 'd': 100, 'n': 2, 'M': 32, 'method': 'defect_path_e0.3', 'rep': 0, 'skill': np.float64(0.011), 'surrogate_skill': 0.401, 'seconds': 8.674, 'f_calls': 7680}
{'k': 50, 'd': 100, 'n': 2, 'M': 32, 'method': 'raw', 'rep': 1, 'skill': 2.349, 'generator_bias': -66.502, 'seconds': 6.042, 'f_calls': 7680}
{'k': 50, 'd': 100, 'n': 2, 'M': 32, 'method': 'oracle_state', 'rep': 1, 'skill': 0.108, 'generator_bias': 0.0, 'seconds': 6.093, 'f_calls': 7680}
{'k': 50, 'd': 100, 'n': 2, 'M': 32, 'method': 'centre', 'rep': 1, 'skill': 0.622, 'generator_bias': 16.83, 'seconds': 5.956, 'f_calls': 7680}
{'k': 50, 'd': 100, 'n': 2, 'M': 32, 'method': 'path', 'rep': 1, 'skill': 0.272, 'generator_bias': 6.674, 'seconds': 14.602, 'f_calls': 7680}
{'k': 50, 'd': 100, 'n': 2, 'M': 32, 'method': 'path_cv_0', 'rep': 1, 'skill': 0.272, 'generator_bias': 6.674, 'seconds': 13.421, 'f_calls': 7680}
{'k': 50, 'd': 100, 'n': 2, 'M': 32, 'method': 'path_cv_gradg', 'rep': 1, 'skill': 0.272, 'generator_bias': 6.674, 'seconds': 12.188, 'f_calls': 7680}
{'k': 50, 'd': 100, 'n': 2, 'M': 32, 'method': 'defect_bismut_e0.03', 'rep': 1, 'skill': np.float64(0.002), 'surrogate_skill': 0.04, 'seconds': 3.768, 'f_calls': 7680}
{'k': 50, 'd': 100, 'n': 2, 'M': 32, 'method': 'defect_bismut_e0.1', 'rep': 1, 'skill': np.float64(0.021), 'surrogate_skill': 0.134, 'seconds': 3.269, 'f_calls': 7680}
{'k': 50, 'd': 100, 'n': 2, 'M': 32, 'method': 'defect_bismut_e0.3', 'rep': 1, 'skill': np.float64(0.182), 'surrogate_skill': 0.401, 'seconds': 3.884, 'f_calls': 7680}
{'k': 50, 'd': 100, 'n': 2, 'M': 32, 'method': 'defect_path_e0.03', 'rep': 1, 'skill': np.float64(0.001), 'surrogate_skill': 0.04, 'seconds': 5.826, 'f_calls': 7680}
{'k': 50, 'd': 100, 'n': 2, 'M': 32, 'method': 'defect_path_e0.1', 'rep': 1, 'skill': np.float64(0.003), 'surrogate_skill': 0.134, 'seconds': 6.085, 'f_calls': 7680}
{'k': 50, 'd': 100, 'n': 2, 'M': 32, 'method': 'defect_path_e0.3', 'rep': 1, 'skill': np.float64(0.01), 'surrogate_skill': 0.401, 'seconds': 5.015, 'f_calls': 7680}
{'k': 50, 'd': 100, 'n': 3, 'M': 6, 'method': 'raw', 'rep': 0, 'skill': 14623.76, 'generator_bias': -23164.344, 'seconds': 3.404, 'f_calls': 20160}
{'k': 50, 'd': 100, 'n': 3, 'M': 6, 'method': 'oracle_state', 'rep': 0, 'skill': 0.106, 'generator_bias': 0.0, 'seconds': 3.454, 'f_calls': 20160}
{'k': 50, 'd': 100, 'n': 3, 'M': 6, 'method': 'centre', 'rep': 0, 'skill': 0.625, 'generator_bias': 16.564, 'seconds': 3.126, 'f_calls': 20160}
{'k': 50, 'd': 100, 'n': 3, 'M': 6, 'method': 'path', 'rep': 0, 'skill': 17.725, 'generator_bias': -19.617, 'seconds': 11.757, 'f_calls': 20160}
{'k': 50, 'd': 100, 'n': 3, 'M': 6, 'method': 'path_cv_0', 'rep': 0, 'skill': 4.766, 'generator_bias': -2.41, 'seconds': 13.034, 'f_calls': 20160}
{'k': 50, 'd': 100, 'n': 3, 'M': 6, 'method': 'path_cv_gradg', 'rep': 0, 'skill': 2.449, 'generator_bias': 1.161, 'seconds': 7.089, 'f_calls': 20160}
{'k': 50, 'd': 100, 'n': 3, 'M': 6, 'method': 'defect_bismut_e0.03', 'rep': 0, 'skill': np.float64(0.024), 'surrogate_skill': 0.04, 'seconds': 2.586, 'f_calls': 20160}
{'k': 50, 'd': 100, 'n': 3, 'M': 6, 'method': 'defect_bismut_e0.1', 'rep': 0, 'skill': np.float64(0.897), 'surrogate_skill': 0.134, 'seconds': 2.064, 'f_calls': 20160}
{'k': 50, 'd': 100, 'n': 3, 'M': 6, 'method': 'defect_bismut_e0.3', 'rep': 0, 'skill': np.float64(60.056), 'surrogate_skill': 0.401, 'seconds': 2.747, 'f_calls': 20160}
{'k': 50, 'd': 100, 'n': 3, 'M': 6, 'method': 'defect_path_e0.03', 'rep': 0, 'skill': np.float64(0.003), 'surrogate_skill': 0.04, 'seconds': 3.338, 'f_calls': 20160}
{'k': 50, 'd': 100, 'n': 3, 'M': 6, 'method': 'defect_path_e0.1', 'rep': 0, 'skill': np.float64(0.022), 'surrogate_skill': 0.134, 'seconds': 4.678, 'f_calls': 20160}
{'k': 50, 'd': 100, 'n': 3, 'M': 6, 'method': 'defect_path_e0.3', 'rep': 0, 'skill': np.float64(0.18), 'surrogate_skill': 0.401, 'seconds': 5.867, 'f_calls': 20160}
{'k': 50, 'd': 100, 'n': 3, 'M': 6, 'method': 'raw', 'rep': 1, 'skill': 14931.302, 'generator_bias': -23979.68, 'seconds': 4.782, 'f_calls': 20160}
{'k': 50, 'd': 100, 'n': 3, 'M': 6, 'method': 'oracle_state', 'rep': 1, 'skill': 0.1, 'generator_bias': 0.0, 'seconds': 4.846, 'f_calls': 20160}
{'k': 50, 'd': 100, 'n': 3, 'M': 6, 'method': 'centre', 'rep': 1, 'skill': 0.626, 'generator_bias': 16.65, 'seconds': 4.794, 'f_calls': 20160}
{'k': 50, 'd': 100, 'n': 3, 'M': 6, 'method': 'path', 'rep': 1, 'skill': 16.504, 'generator_bias': -19.56, 'seconds': 8.886, 'f_calls': 20160}
{'k': 50, 'd': 100, 'n': 3, 'M': 6, 'method': 'path_cv_0', 'rep': 1, 'skill': 4.87, 'generator_bias': -2.654, 'seconds': 7.552, 'f_calls': 20160}
{'k': 50, 'd': 100, 'n': 3, 'M': 6, 'method': 'path_cv_gradg', 'rep': 1, 'skill': 2.227, 'generator_bias': 1.201, 'seconds': 9.629, 'f_calls': 20160}
{'k': 50, 'd': 100, 'n': 3, 'M': 6, 'method': 'defect_bismut_e0.03', 'rep': 1, 'skill': np.float64(0.026), 'surrogate_skill': 0.04, 'seconds': 2.727, 'f_calls': 20160}
{'k': 50, 'd': 100, 'n': 3, 'M': 6, 'method': 'defect_bismut_e0.1', 'rep': 1, 'skill': np.float64(0.94), 'surrogate_skill': 0.134, 'seconds': 3.26, 'f_calls': 20160}
{'k': 50, 'd': 100, 'n': 3, 'M': 6, 'method': 'defect_bismut_e0.3', 'rep': 1, 'skill': np.float64(60.718), 'surrogate_skill': 0.401, 'seconds': 3.677, 'f_calls': 20160}
{'k': 50, 'd': 100, 'n': 3, 'M': 6, 'method': 'defect_path_e0.03', 'rep': 1, 'skill': np.float64(0.003), 'surrogate_skill': 0.04, 'seconds': 5.758, 'f_calls': 20160}
{'k': 50, 'd': 100, 'n': 3, 'M': 6, 'method': 'defect_path_e0.1', 'rep': 1, 'skill': np.float64(0.019), 'surrogate_skill': 0.134, 'seconds': 5.718, 'f_calls': 20160}
{'k': 50, 'd': 100, 'n': 3, 'M': 6, 'method': 'defect_path_e0.3', 'rep': 1, 'skill': np.float64(0.155), 'surrogate_skill': 0.401, 'seconds': 5.512, 'f_calls': 20160}
{'k': 50, 'd': 400, 'n': 2, 'M': 32, 'method': 'raw', 'rep': 0, 'skill': 9.467, 'generator_bias': -307.407, 'seconds': 17.825, 'f_calls': 7680}
{'k': 50, 'd': 400, 'n': 2, 'M': 32, 'method': 'oracle_state', 'rep': 0, 'skill': 0.085, 'generator_bias': 0.0, 'seconds': 18.289, 'f_calls': 7680}
{'k': 50, 'd': 400, 'n': 2, 'M': 32, 'method': 'centre', 'rep': 0, 'skill': 0.593, 'generator_bias': 17.243, 'seconds': 18.395, 'f_calls': 7680}
{'k': 50, 'd': 400, 'n': 2, 'M': 32, 'method': 'path', 'rep': 0, 'skill': 0.261, 'generator_bias': 7.103, 'seconds': 41.42, 'f_calls': 7680}
{'k': 50, 'd': 400, 'n': 2, 'M': 32, 'method': 'path_cv_0', 'rep': 0, 'skill': 0.261, 'generator_bias': 7.103, 'seconds': 44.804, 'f_calls': 7680}
{'k': 50, 'd': 400, 'n': 2, 'M': 32, 'method': 'path_cv_gradg', 'rep': 0, 'skill': 0.261, 'generator_bias': 7.103, 'seconds': 66.595, 'f_calls': 7680}
{'k': 50, 'd': 400, 'n': 2, 'M': 32, 'method': 'defect_bismut_e0.03', 'rep': 0, 'skill': np.float64(0.006), 'surrogate_skill': 0.04, 'seconds': 15.244, 'f_calls': 7680}
{'k': 50, 'd': 400, 'n': 2, 'M': 32, 'method': 'defect_bismut_e0.1', 'rep': 0, 'skill': np.float64(0.07), 'surrogate_skill': 0.133, 'seconds': 16.701, 'f_calls': 7680}
{'k': 50, 'd': 400, 'n': 2, 'M': 32, 'method': 'defect_bismut_e0.3', 'rep': 0, 'skill': np.float64(0.628), 'surrogate_skill': 0.4, 'seconds': 15.873, 'f_calls': 7680}
{'k': 50, 'd': 400, 'n': 2, 'M': 32, 'method': 'defect_path_e0.03', 'rep': 0, 'skill': np.float64(0.001), 'surrogate_skill': 0.04, 'seconds': 18.32, 'f_calls': 7680}
{'k': 50, 'd': 400, 'n': 2, 'M': 32, 'method': 'defect_path_e0.1', 'rep': 0, 'skill': np.float64(0.003), 'surrogate_skill': 0.133, 'seconds': 14.398, 'f_calls': 7680}
{'k': 50, 'd': 400, 'n': 2, 'M': 32, 'method': 'defect_path_e0.3', 'rep': 0, 'skill': np.float64(0.01), 'surrogate_skill': 0.4, 'seconds': 15.657, 'f_calls': 7680}
{'k': 50, 'd': 400, 'n': 2, 'M': 32, 'method': 'raw', 'rep': 1, 'skill': 9.257, 'generator_bias': -304.265, 'seconds': 26.967, 'f_calls': 7680}
{'k': 50, 'd': 400, 'n': 2, 'M': 32, 'method': 'oracle_state', 'rep': 1, 'skill': 0.09, 'generator_bias': 0.0, 'seconds': 19.551, 'f_calls': 7680}
{'k': 50, 'd': 400, 'n': 2, 'M': 32, 'method': 'centre', 'rep': 1, 'skill': 0.594, 'generator_bias': 17.385, 'seconds': 49.27, 'f_calls': 7680}
{'k': 50, 'd': 400, 'n': 2, 'M': 32, 'method': 'path', 'rep': 1, 'skill': 0.265, 'generator_bias': 7.164, 'seconds': 70.566, 'f_calls': 7680}
{'k': 50, 'd': 400, 'n': 2, 'M': 32, 'method': 'path_cv_0', 'rep': 1, 'skill': 0.265, 'generator_bias': 7.164, 'seconds': 63.358, 'f_calls': 7680}
{'k': 50, 'd': 400, 'n': 2, 'M': 32, 'method': 'path_cv_gradg', 'rep': 1, 'skill': 0.265, 'generator_bias': 7.164, 'seconds': 66.005, 'f_calls': 7680}
{'k': 50, 'd': 400, 'n': 2, 'M': 32, 'method': 'defect_bismut_e0.03', 'rep': 1, 'skill': np.float64(0.007), 'surrogate_skill': 0.04, 'seconds': 13.457, 'f_calls': 7680}
{'k': 50, 'd': 400, 'n': 2, 'M': 32, 'method': 'defect_bismut_e0.1', 'rep': 1, 'skill': np.float64(0.07), 'surrogate_skill': 0.133, 'seconds': 13.177, 'f_calls': 7680}
{'k': 50, 'd': 400, 'n': 2, 'M': 32, 'method': 'defect_bismut_e0.3', 'rep': 1, 'skill': np.float64(0.628), 'surrogate_skill': 0.4, 'seconds': 15.598, 'f_calls': 7680}
{'k': 50, 'd': 400, 'n': 2, 'M': 32, 'method': 'defect_path_e0.03', 'rep': 1, 'skill': np.float64(0.001), 'surrogate_skill': 0.04, 'seconds': 19.437, 'f_calls': 7680}
{'k': 50, 'd': 400, 'n': 2, 'M': 32, 'method': 'defect_path_e0.1', 'rep': 1, 'skill': np.float64(0.003), 'surrogate_skill': 0.133, 'seconds': 14.475, 'f_calls': 7680}
{'k': 50, 'd': 400, 'n': 2, 'M': 32, 'method': 'defect_path_e0.3', 'rep': 1, 'skill': np.float64(0.009), 'surrogate_skill': 0.4, 'seconds': 14.607, 'f_calls': 7680}
{'k': 50, 'd': 400, 'n': 3, 'M': 6, 'method': 'raw', 'rep': 0, 'skill': 926741.579, 'generator_bias': -1634422.783, 'seconds': 25.73, 'f_calls': 20160}
{'k': 50, 'd': 400, 'n': 3, 'M': 6, 'method': 'oracle_state', 'rep': 0, 'skill': 0.081, 'generator_bias': 0.0, 'seconds': 26.668, 'f_calls': 20160}
{'k': 50, 'd': 400, 'n': 3, 'M': 6, 'method': 'centre', 'rep': 0, 'skill': 0.595, 'generator_bias': 17.285, 'seconds': 12.852, 'f_calls': 20160}
{'k': 50, 'd': 400, 'n': 3, 'M': 6, 'method': 'path', 'rep': 0, 'skill': 86.622, 'generator_bias': -120.699, 'seconds': 22.679, 'f_calls': 20160}
{'k': 50, 'd': 400, 'n': 3, 'M': 6, 'method': 'path_cv_0', 'rep': 0, 'skill': 20.477, 'generator_bias': -27.348, 'seconds': 24.376, 'f_calls': 20160}
{'k': 50, 'd': 400, 'n': 3, 'M': 6, 'method': 'path_cv_gradg', 'rep': 0, 'skill': 11.334, 'generator_bias': -12.826, 'seconds': 30.543, 'f_calls': 20160}
{'k': 50, 'd': 400, 'n': 3, 'M': 6, 'method': 'defect_bismut_e0.03', 'rep': 0, 'skill': np.float64(0.403), 'surrogate_skill': 0.04, 'seconds': 12.295, 'f_calls': 20160}
{'k': 50, 'd': 400, 'n': 3, 'M': 6, 'method': 'defect_bismut_e0.1', 'rep': 0, 'skill': np.float64(41.051), 'surrogate_skill': 0.133, 'seconds': 9.031, 'f_calls': 20160}
{'k': 50, 'd': 400, 'n': 3, 'M': 6, 'method': 'defect_bismut_e0.3', 'rep': 0, 'skill': np.float64(3240.66), 'surrogate_skill': 0.4, 'seconds': 9.818, 'f_calls': 20160}
{'k': 50, 'd': 400, 'n': 3, 'M': 6, 'method': 'defect_path_e0.03', 'rep': 0, 'skill': np.float64(0.007), 'surrogate_skill': 0.04, 'seconds': 9.526, 'f_calls': 20160}
{'k': 50, 'd': 400, 'n': 3, 'M': 6, 'method': 'defect_path_e0.1', 'rep': 0, 'skill': np.float64(0.069), 'surrogate_skill': 0.133, 'seconds': 13.953, 'f_calls': 20160}
{'k': 50, 'd': 400, 'n': 3, 'M': 6, 'method': 'defect_path_e0.3', 'rep': 0, 'skill': np.float64(0.623), 'surrogate_skill': 0.4, 'seconds': 22.922, 'f_calls': 20160}
{'k': 50, 'd': 400, 'n': 3, 'M': 6, 'method': 'raw', 'rep': 1, 'skill': 862952.383, 'generator_bias': -1583728.117, 'seconds': 28.733, 'f_calls': 20160}
{'k': 50, 'd': 400, 'n': 3, 'M': 6, 'method': 'oracle_state', 'rep': 1, 'skill': 0.097, 'generator_bias': 0.0, 'seconds': 16.595, 'f_calls': 20160}
{'k': 50, 'd': 400, 'n': 3, 'M': 6, 'method': 'centre', 'rep': 1, 'skill': 0.591, 'generator_bias': 17.355, 'seconds': 14.34, 'f_calls': 20160}
{'k': 50, 'd': 400, 'n': 3, 'M': 6, 'method': 'path', 'rep': 1, 'skill': 79.884, 'generator_bias': -117.097, 'seconds': 22.763, 'f_calls': 20160}
{'k': 50, 'd': 400, 'n': 3, 'M': 6, 'method': 'path_cv_0', 'rep': 1, 'skill': 20.217, 'generator_bias': -31.767, 'seconds': 21.109, 'f_calls': 20160}
{'k': 50, 'd': 400, 'n': 3, 'M': 6, 'method': 'path_cv_gradg', 'rep': 1, 'skill': 11.178, 'generator_bias': -14.899, 'seconds': 23.987, 'f_calls': 20160}
{'k': 50, 'd': 400, 'n': 3, 'M': 6, 'method': 'defect_bismut_e0.03', 'rep': 1, 'skill': np.float64(0.398), 'surrogate_skill': 0.04, 'seconds': 8.762, 'f_calls': 20160}
{'k': 50, 'd': 400, 'n': 3, 'M': 6, 'method': 'defect_bismut_e0.1', 'rep': 1, 'skill': np.float64(39.418), 'surrogate_skill': 0.133, 'seconds': 8.665, 'f_calls': 20160}
{'k': 50, 'd': 400, 'n': 3, 'M': 6, 'method': 'defect_bismut_e0.3', 'rep': 1, 'skill': np.float64(3086.214), 'surrogate_skill': 0.4, 'seconds': 9.454, 'f_calls': 20160}
{'k': 50, 'd': 400, 'n': 3, 'M': 6, 'method': 'defect_path_e0.03', 'rep': 1, 'skill': np.float64(0.007), 'surrogate_skill': 0.04, 'seconds': 12.254, 'f_calls': 20160}
{'k': 50, 'd': 400, 'n': 3, 'M': 6, 'method': 'defect_path_e0.1', 'rep': 1, 'skill': np.float64(0.073), 'surrogate_skill': 0.133, 'seconds': 11.791, 'f_calls': 20160}
{'k': 50, 'd': 400, 'n': 3, 'M': 6, 'method': 'defect_path_e0.3', 'rep': 1, 'skill': np.float64(0.661), 'surrogate_skill': 0.4, 'seconds': 3.179, 'f_calls': 20160}
done 192 in 1297s
