rand    k= 3 s=0.5 T=0.10  S_NL=0.024  G2=0.009  CV=0.32  LT=0.10  
rand    k= 3 s=0.5 T=0.25  S_NL=0.065  G2=0.022  CV=0.33  LT=0.26  
rand    k= 3 s=0.5 T=0.50  S_NL=0.138  G2=0.043  CV=0.34  LT=0.52  
rand    k= 3 s=1.0 T=0.10  S_NL=0.074  G2=0.039  CV=0.64  LT=0.21  
rand    k= 3 s=1.0 T=0.25  S_NL=0.194  G2=0.094  CV=0.66  LT=0.52  
rand    k= 3 s=1.0 T=0.50  S_NL=0.389  G2=0.171  CV=0.69  LT=1.04  PASS
rand    k= 3 s=1.5 T=0.10  S_NL=0.143  G2=0.083  CV=0.79  LT=0.31  
rand    k= 3 s=1.5 T=0.25  S_NL=0.359  G2=0.188  CV=0.80  LT=0.78  PASS
rand    k= 3 s=1.5 T=0.50  S_NL=0.656  G2=0.302  CV=0.80  LT=1.56  
rand    k= 3 s=2.0 T=0.10  S_NL=0.220  G2=0.128  CV=0.82  LT=0.41  
rand    k= 3 s=2.0 T=0.25  S_NL=0.524  G2=0.271  CV=0.81  LT=1.04  PASS
rand    k= 3 s=2.0 T=0.50  S_NL=0.874  G2=0.384  CV=0.76  LT=2.07  
rand    k= 3 s=3.0 T=0.10  S_NL=0.375  G2=0.208  CV=0.78  LT=0.62  PASS
rand    k= 3 s=3.0 T=0.25  S_NL=0.807  G2=0.384  CV=0.73  LT=1.56  
rand    k= 3 s=3.0 T=0.50  S_NL=1.173  G2=0.429  CV=0.60  LT=3.11  
rand    k= 5 s=0.5 T=0.10  S_NL=0.025  G2=0.003  CV=0.16  LT=0.10  
rand    k= 5 s=0.5 T=0.25  S_NL=0.064  G2=0.008  CV=0.16  LT=0.24  
rand    k= 5 s=0.5 T=0.50  S_NL=0.130  G2=0.016  CV=0.16  LT=0.48  
rand    k= 5 s=1.0 T=0.10  S_NL=0.063  G2=0.016  CV=0.32  LT=0.19  
rand    k= 5 s=1.0 T=0.25  S_NL=0.165  G2=0.039  CV=0.33  LT=0.48  
rand    k= 5 s=1.0 T=0.50  S_NL=0.327  G2=0.069  CV=0.34  LT=0.96  
rand    k= 5 s=1.5 T=0.10  S_NL=0.120  G2=0.041  CV=0.44  LT=0.29  
rand    k= 5 s=1.5 T=0.25  S_NL=0.305  G2=0.088  CV=0.45  LT=0.72  
rand    k= 5 s=1.5 T=0.50  S_NL=0.559  G2=0.131  CV=0.45  LT=1.44  
rand    k= 5 s=2.0 T=0.10  S_NL=0.190  G2=0.069  CV=0.50  LT=0.38  
rand    k= 5 s=2.0 T=0.25  S_NL=0.459  G2=0.135  CV=0.49  LT=0.96  
rand    k= 5 s=2.0 T=0.50  S_NL=0.772  G2=0.173  CV=0.48  LT=1.92  
rand    k= 5 s=3.0 T=0.10  S_NL=0.342  G2=0.118  CV=0.49  LT=0.58  
rand    k= 5 s=3.0 T=0.25  S_NL=0.745  G2=0.192  CV=0.46  LT=1.44  PASS
rand    k= 5 s=3.0 T=0.50  S_NL=1.090  G2=0.206  CV=0.44  LT=2.88  
rand    k= 8 s=0.5 T=0.10  S_NL=0.022  G2=0.007  CV=0.21  LT=0.11  
rand    k= 8 s=0.5 T=0.25  S_NL=0.057  G2=0.014  CV=0.21  LT=0.26  
rand    k= 8 s=0.5 T=0.50  S_NL=0.117  G2=0.025  CV=0.21  LT=0.53  
rand    k= 8 s=1.0 T=0.10  S_NL=0.059  G2=0.022  CV=0.39  LT=0.21  
rand    k= 8 s=1.0 T=0.25  S_NL=0.155  G2=0.050  CV=0.40  LT=0.53  
rand    k= 8 s=1.0 T=0.50  S_NL=0.306  G2=0.086  CV=0.41  LT=1.05  
rand    k= 8 s=1.5 T=0.10  S_NL=0.115  G2=0.048  CV=0.51  LT=0.32  
rand    k= 8 s=1.5 T=0.25  S_NL=0.293  G2=0.104  CV=0.51  LT=0.79  
rand    k= 8 s=1.5 T=0.50  S_NL=0.534  G2=0.158  CV=0.52  LT=1.58  
rand    k= 8 s=2.0 T=0.10  S_NL=0.185  G2=0.078  CV=0.56  LT=0.42  
rand    k= 8 s=2.0 T=0.25  S_NL=0.448  G2=0.158  CV=0.55  LT=1.05  PASS
rand    k= 8 s=2.0 T=0.50  S_NL=0.748  G2=0.211  CV=0.55  LT=2.10  
rand    k= 8 s=3.0 T=0.10  S_NL=0.343  G2=0.136  CV=0.56  LT=0.63  
rand    k= 8 s=3.0 T=0.25  S_NL=0.742  G2=0.233  CV=0.53  LT=1.58  
rand    k= 8 s=3.0 T=0.50  S_NL=1.072  G2=0.256  CV=0.51  LT=3.15  
rand    k=10 s=0.5 T=0.10  S_NL=0.020  G2=0.009  CV=0.35  LT=0.10  
rand    k=10 s=0.5 T=0.25  S_NL=0.049  G2=0.018  CV=0.35  LT=0.25  
rand    k=10 s=0.5 T=0.50  S_NL=0.094  G2=0.027  CV=0.36  LT=0.50  
rand    k=10 s=1.0 T=0.10  S_NL=0.059  G2=0.027  CV=0.58  LT=0.20  
rand    k=10 s=1.0 T=0.25  S_NL=0.148  G2=0.057  CV=0.60  LT=0.50  
rand    k=10 s=1.0 T=0.50  S_NL=0.274  G2=0.082  CV=0.62  LT=1.01  
rand    k=10 s=1.5 T=0.10  S_NL=0.123  G2=0.058  CV=0.70  LT=0.30  
rand    k=10 s=1.5 T=0.25  S_NL=0.298  G2=0.115  CV=0.71  LT=0.75  
rand    k=10 s=1.5 T=0.50  S_NL=0.508  G2=0.148  CV=0.72  LT=1.51  
rand    k=10 s=2.0 T=0.10  S_NL=0.202  G2=0.094  CV=0.70  LT=0.40  
rand    k=10 s=2.0 T=0.25  S_NL=0.465  G2=0.169  CV=0.70  LT=1.01  PASS
rand    k=10 s=2.0 T=0.50  S_NL=0.730  G2=0.191  CV=0.69  LT=2.01  
rand    k=10 s=3.0 T=0.10  S_NL=0.376  G2=0.151  CV=0.62  LT=0.60  PASS
rand    k=10 s=3.0 T=0.25  S_NL=0.772  G2=0.225  CV=0.60  LT=1.51  
rand    k=10 s=3.0 T=0.50  S_NL=1.063  G2=0.209  CV=0.57  LT=3.02  
cross   k= 3 s=0.5 T=0.10  S_NL=0.019  G2=0.013  CV=0.77  LT=0.07  
cross   k= 3 s=0.5 T=0.25  S_NL=0.046  G2=0.023  CV=0.77  LT=0.18  
cross   k= 3 s=0.5 T=0.50  S_NL=0.085  G2=0.031  CV=0.77  LT=0.35  
cross   k= 3 s=1.0 T=0.10  S_NL=0.059  G2=0.030  CV=0.70  LT=0.14  
cross   k= 3 s=1.0 T=0.25  S_NL=0.148  G2=0.059  CV=0.70  LT=0.35  
cross   k= 3 s=1.0 T=0.50  S_NL=0.267  G2=0.077  CV=0.70  LT=0.71  
cross   k= 3 s=1.5 T=0.10  S_NL=0.114  G2=0.051  CV=0.64  LT=0.21  
cross   k= 3 s=1.5 T=0.25  S_NL=0.276  G2=0.095  CV=0.64  LT=0.53  
cross   k= 3 s=1.5 T=0.50  S_NL=0.467  G2=0.114  CV=0.64  LT=1.06  
cross   k= 3 s=2.0 T=0.10  S_NL=0.176  G2=0.071  CV=0.59  LT=0.28  
cross   k= 3 s=2.0 T=0.25  S_NL=0.408  G2=0.123  CV=0.59  LT=0.71  
cross   k= 3 s=2.0 T=0.50  S_NL=0.651  G2=0.138  CV=0.59  LT=1.41  
cross   k= 3 s=3.0 T=0.10  S_NL=0.307  G2=0.102  CV=0.51  LT=0.42  
cross   k= 3 s=3.0 T=0.25  S_NL=0.658  G2=0.158  CV=0.51  LT=1.06  PASS
cross   k= 3 s=3.0 T=0.50  S_NL=0.951  G2=0.156  CV=0.51  LT=2.12  
cross   k= 5 s=0.5 T=0.10  S_NL=0.016  G2=0.008  CV=0.60  LT=0.07  
cross   k= 5 s=0.5 T=0.25  S_NL=0.037  G2=0.014  CV=0.60  LT=0.18  
cross   k= 5 s=0.5 T=0.50  S_NL=0.064  G2=0.018  CV=0.60  LT=0.35  
cross   k= 5 s=1.0 T=0.10  S_NL=0.048  G2=0.020  CV=0.57  LT=0.14  
cross   k= 5 s=1.0 T=0.25  S_NL=0.117  G2=0.038  CV=0.57  LT=0.35  
cross   k= 5 s=1.0 T=0.50  S_NL=0.202  G2=0.049  CV=0.57  LT=0.71  
cross   k= 5 s=1.5 T=0.10  S_NL=0.096  G2=0.038  CV=0.55  LT=0.21  
cross   k= 5 s=1.5 T=0.25  S_NL=0.227  G2=0.069  CV=0.55  LT=0.53  
cross   k= 5 s=1.5 T=0.50  S_NL=0.374  G2=0.082  CV=0.55  LT=1.06  
cross   k= 5 s=2.0 T=0.10  S_NL=0.154  G2=0.058  CV=0.54  LT=0.28  
cross   k= 5 s=2.0 T=0.25  S_NL=0.349  G2=0.099  CV=0.54  LT=0.71  
cross   k= 5 s=2.0 T=0.50  S_NL=0.545  G2=0.108  CV=0.54  LT=1.41  
cross   k= 5 s=3.0 T=0.10  S_NL=0.286  G2=0.096  CV=0.52  LT=0.42  
cross   k= 5 s=3.0 T=0.25  S_NL=0.592  G2=0.142  CV=0.52  LT=1.06  
cross   k= 5 s=3.0 T=0.50  S_NL=0.842  G2=0.136  CV=0.52  LT=2.12  
cross   k= 8 s=0.5 T=0.10  S_NL=0.016  G2=0.013  CV=0.50  LT=0.07  
cross   k= 8 s=0.5 T=0.25  S_NL=0.028  G2=0.017  CV=0.50  LT=0.18  
cross   k= 8 s=0.5 T=0.50  S_NL=0.042  G2=0.017  CV=0.50  LT=0.35  
cross   k= 8 s=1.0 T=0.10  S_NL=0.037  G2=0.018  CV=0.49  LT=0.14  
cross   k= 8 s=1.0 T=0.25  S_NL=0.085  G2=0.029  CV=0.49  LT=0.35  
cross   k= 8 s=1.0 T=0.50  S_NL=0.143  G2=0.034  CV=0.49  LT=0.71  
cross   k= 8 s=1.5 T=0.10  S_NL=0.076  G2=0.031  CV=0.52  LT=0.21  
cross   k= 8 s=1.5 T=0.25  S_NL=0.175  G2=0.052  CV=0.52  LT=0.53  
cross   k= 8 s=1.5 T=0.50  S_NL=0.285  G2=0.060  CV=0.52  LT=1.06  
cross   k= 8 s=2.0 T=0.10  S_NL=0.128  G2=0.049  CV=0.54  LT=0.28  
cross   k= 8 s=2.0 T=0.25  S_NL=0.284  G2=0.080  CV=0.54  LT=0.71  
cross   k= 8 s=2.0 T=0.50  S_NL=0.442  G2=0.085  CV=0.54  LT=1.41  
cross   k= 8 s=3.0 T=0.10  S_NL=0.255  G2=0.088  CV=0.54  LT=0.42  
cross   k= 8 s=3.0 T=0.25  S_NL=0.518  G2=0.126  CV=0.54  LT=1.06  
cross   k= 8 s=3.0 T=0.50  S_NL=0.734  G2=0.118  CV=0.54  LT=2.12  
cross   k=10 s=0.5 T=0.10  S_NL=0.016  G2=0.014  CV=0.42  LT=0.07  
cross   k=10 s=0.5 T=0.25  S_NL=0.026  G2=0.017  CV=0.42  LT=0.18  
cross   k=10 s=0.5 T=0.50  S_NL=0.037  G2=0.016  CV=0.42  LT=0.35  
cross   k=10 s=1.0 T=0.10  S_NL=0.035  G2=0.017  CV=0.45  LT=0.14  
cross   k=10 s=1.0 T=0.25  S_NL=0.076  G2=0.024  CV=0.45  LT=0.35  
cross   k=10 s=1.0 T=0.50  S_NL=0.124  G2=0.027  CV=0.45  LT=0.71  
cross   k=10 s=1.5 T=0.10  S_NL=0.071  G2=0.027  CV=0.52  LT=0.21  
cross   k=10 s=1.5 T=0.25  S_NL=0.160  G2=0.045  CV=0.52  LT=0.53  
cross   k=10 s=1.5 T=0.50  S_NL=0.256  G2=0.050  CV=0.52  LT=1.06  
cross   k=10 s=2.0 T=0.10  S_NL=0.121  G2=0.045  CV=0.57  LT=0.28  
cross   k=10 s=2.0 T=0.25  S_NL=0.266  G2=0.074  CV=0.57  LT=0.71  
cross   k=10 s=2.0 T=0.50  S_NL=0.409  G2=0.078  CV=0.57  LT=1.41  
cross   k=10 s=3.0 T=0.10  S_NL=0.249  G2=0.090  CV=0.59  LT=0.42  
cross   k=10 s=3.0 T=0.25  S_NL=0.501  G2=0.128  CV=0.59  LT=1.06  
cross   k=10 s=3.0 T=0.50  S_NL=0.705  G2=0.117  CV=0.59  LT=2.12  
simplex k= 3 s=0.5 T=0.10  S_NL=0.018  G2=0.011  CV=0.87  LT=0.07  
simplex k= 3 s=0.5 T=0.25  S_NL=0.045  G2=0.022  CV=0.87  LT=0.18  
simplex k= 3 s=0.5 T=0.50  S_NL=0.087  G2=0.032  CV=0.87  LT=0.35  
simplex k= 3 s=1.0 T=0.10  S_NL=0.062  G2=0.034  CV=0.88  LT=0.14  
simplex k= 3 s=1.0 T=0.25  S_NL=0.156  G2=0.068  CV=0.88  LT=0.35  
simplex k= 3 s=1.0 T=0.50  S_NL=0.287  G2=0.092  CV=0.88  LT=0.71  
simplex k= 3 s=1.5 T=0.10  S_NL=0.122  G2=0.062  CV=0.82  LT=0.21  
simplex k= 3 s=1.5 T=0.25  S_NL=0.294  G2=0.116  CV=0.82  LT=0.53  
simplex k= 3 s=1.5 T=0.50  S_NL=0.503  G2=0.141  CV=0.82  LT=1.06  
simplex k= 3 s=2.0 T=0.10  S_NL=0.188  G2=0.087  CV=0.75  LT=0.28  
simplex k= 3 s=2.0 T=0.25  S_NL=0.433  G2=0.151  CV=0.75  LT=0.71  PASS
simplex k= 3 s=2.0 T=0.50  S_NL=0.696  G2=0.170  CV=0.75  LT=1.41  PASS
simplex k= 3 s=3.0 T=0.10  S_NL=0.323  G2=0.124  CV=0.64  LT=0.42  
simplex k= 3 s=3.0 T=0.25  S_NL=0.686  G2=0.188  CV=0.64  LT=1.06  PASS
simplex k= 3 s=3.0 T=0.50  S_NL=0.998  G2=0.186  CV=0.64  LT=2.12  
simplex k= 5 s=0.5 T=0.10  S_NL=0.017  G2=0.009  CV=0.66  LT=0.07  
simplex k= 5 s=0.5 T=0.25  S_NL=0.039  G2=0.016  CV=0.66  LT=0.18  
simplex k= 5 s=0.5 T=0.50  S_NL=0.069  G2=0.021  CV=0.66  LT=0.35  
simplex k= 5 s=1.0 T=0.10  S_NL=0.055  G2=0.028  CV=0.76  LT=0.14  
simplex k= 5 s=1.0 T=0.25  S_NL=0.135  G2=0.054  CV=0.76  LT=0.35  
simplex k= 5 s=1.0 T=0.50  S_NL=0.234  G2=0.068  CV=0.76  LT=0.71  
simplex k= 5 s=1.5 T=0.10  S_NL=0.113  G2=0.057  CV=0.78  LT=0.21  
simplex k= 5 s=1.5 T=0.25  S_NL=0.265  G2=0.102  CV=0.78  LT=0.53  
simplex k= 5 s=1.5 T=0.50  S_NL=0.435  G2=0.117  CV=0.78  LT=1.06  
simplex k= 5 s=2.0 T=0.10  S_NL=0.180  G2=0.085  CV=0.74  LT=0.28  
simplex k= 5 s=2.0 T=0.25  S_NL=0.404  G2=0.142  CV=0.74  LT=0.71  
simplex k= 5 s=2.0 T=0.50  S_NL=0.625  G2=0.150  CV=0.74  LT=1.41  
simplex k= 5 s=3.0 T=0.10  S_NL=0.320  G2=0.126  CV=0.64  LT=0.42  
simplex k= 5 s=3.0 T=0.25  S_NL=0.661  G2=0.185  CV=0.64  LT=1.06  PASS
simplex k= 5 s=3.0 T=0.50  S_NL=0.933  G2=0.174  CV=0.64  LT=2.12  
simplex k= 8 s=0.5 T=0.10  S_NL=0.016  G2=0.013  CV=0.52  LT=0.07  
simplex k= 8 s=0.5 T=0.25  S_NL=0.028  G2=0.017  CV=0.52  LT=0.18  
simplex k= 8 s=0.5 T=0.50  S_NL=0.044  G2=0.017  CV=0.52  LT=0.35  
simplex k= 8 s=1.0 T=0.10  S_NL=0.042  G2=0.022  CV=0.60  LT=0.14  
simplex k= 8 s=1.0 T=0.25  S_NL=0.098  G2=0.037  CV=0.60  LT=0.35  
simplex k= 8 s=1.0 T=0.50  S_NL=0.168  G2=0.044  CV=0.60  LT=0.71  
simplex k= 8 s=1.5 T=0.10  S_NL=0.092  G2=0.043  CV=0.65  LT=0.21  
simplex k= 8 s=1.5 T=0.25  S_NL=0.211  G2=0.074  CV=0.65  LT=0.53  
simplex k= 8 s=1.5 T=0.50  S_NL=0.342  G2=0.082  CV=0.65  LT=1.06  
simplex k= 8 s=2.0 T=0.10  S_NL=0.156  G2=0.069  CV=0.67  LT=0.28  
simplex k= 8 s=2.0 T=0.25  S_NL=0.342  G2=0.110  CV=0.67  LT=0.71  
simplex k= 8 s=2.0 T=0.50  S_NL=0.522  G2=0.113  CV=0.67  LT=1.41  
simplex k= 8 s=3.0 T=0.10  S_NL=0.301  G2=0.115  CV=0.62  LT=0.42  
simplex k= 8 s=3.0 T=0.25  S_NL=0.601  G2=0.159  CV=0.62  LT=1.06  PASS
simplex k= 8 s=3.0 T=0.50  S_NL=0.834  G2=0.144  CV=0.62  LT=2.12  
simplex k=10 s=0.5 T=0.10  S_NL=0.017  G2=0.015  CV=0.49  LT=0.07  
simplex k=10 s=0.5 T=0.25  S_NL=0.028  G2=0.019  CV=0.49  LT=0.18  
simplex k=10 s=0.5 T=0.50  S_NL=0.041  G2=0.018  CV=0.49  LT=0.35  
simplex k=10 s=1.0 T=0.10  S_NL=0.040  G2=0.022  CV=0.63  LT=0.14  
simplex k=10 s=1.0 T=0.25  S_NL=0.090  G2=0.035  CV=0.63  LT=0.35  
simplex k=10 s=1.0 T=0.50  S_NL=0.151  G2=0.040  CV=0.63  LT=0.71  
simplex k=10 s=1.5 T=0.10  S_NL=0.088  G2=0.043  CV=0.74  LT=0.21  
simplex k=10 s=1.5 T=0.25  S_NL=0.197  G2=0.073  CV=0.74  LT=0.53  
simplex k=10 s=1.5 T=0.50  S_NL=0.316  G2=0.080  CV=0.74  LT=1.06  
simplex k=10 s=2.0 T=0.10  S_NL=0.150  G2=0.071  CV=0.75  LT=0.28  
simplex k=10 s=2.0 T=0.25  S_NL=0.324  G2=0.114  CV=0.75  LT=0.71  
simplex k=10 s=2.0 T=0.50  S_NL=0.492  G2=0.116  CV=0.75  LT=1.41  
simplex k=10 s=3.0 T=0.10  S_NL=0.289  G2=0.118  CV=0.67  LT=0.42  
simplex k=10 s=3.0 T=0.25  S_NL=0.576  G2=0.167  CV=0.67  LT=1.06  PASS
simplex k=10 s=3.0 T=0.50  S_NL=0.800  G2=0.152  CV=0.67  LT=2.12  
