rand     k=10 s=2.0 T=0.05  S_NL=0.101  G2=0.051  CV=0.71  LT=0.20  
rand     k=10 s=2.0 T=0.10  S_NL=0.202  G2=0.093  CV=0.70  LT=0.40  
rand     k=10 s=2.0 T=0.25  S_NL=0.464  G2=0.168  CV=0.70  LT=1.01  PASS
rand     k=10 s=3.0 T=0.05  S_NL=0.193  G2=0.088  CV=0.63  LT=0.30  
rand     k=10 s=3.0 T=0.10  S_NL=0.376  G2=0.151  CV=0.62  LT=0.60  PASS
rand     k=10 s=3.0 T=0.25  S_NL=0.771  G2=0.225  CV=0.60  LT=1.51  
rand     k=10 s=4.0 T=0.05  S_NL=0.291  G2=0.117  CV=0.55  LT=0.40  
rand     k=10 s=4.0 T=0.10  S_NL=0.548  G2=0.187  CV=0.54  LT=0.81  PASS
rand     k=10 s=4.0 T=0.25  S_NL=1.012  G2=0.237  CV=0.50  LT=2.01  
rand     k=10 s=5.0 T=0.05  S_NL=0.388  G2=0.138  CV=0.49  LT=0.50  
rand     k=10 s=5.0 T=0.10  S_NL=0.709  G2=0.209  CV=0.48  LT=1.01  PASS
rand     k=10 s=5.0 T=0.25  S_NL=1.195  G2=0.232  CV=0.44  LT=2.52  
rand     k=15 s=2.0 T=0.05  S_NL=0.095  G2=0.046  CV=0.66  LT=0.21  
rand     k=15 s=2.0 T=0.10  S_NL=0.190  G2=0.083  CV=0.65  LT=0.42  
rand     k=15 s=2.0 T=0.25  S_NL=0.434  G2=0.147  CV=0.65  LT=1.05  
rand     k=15 s=3.0 T=0.05  S_NL=0.194  G2=0.091  CV=0.65  LT=0.32  
rand     k=15 s=3.0 T=0.10  S_NL=0.372  G2=0.152  CV=0.64  LT=0.63  PASS
rand     k=15 s=3.0 T=0.25  S_NL=0.746  G2=0.214  CV=0.60  LT=1.58  
rand     k=15 s=4.0 T=0.05  S_NL=0.297  G2=0.125  CV=0.58  LT=0.42  
rand     k=15 s=4.0 T=0.10  S_NL=0.550  G2=0.194  CV=0.56  LT=0.84  PASS
rand     k=15 s=4.0 T=0.25  S_NL=0.989  G2=0.229  CV=0.51  LT=2.11  
rand     k=15 s=5.0 T=0.05  S_NL=0.400  G2=0.149  CV=0.52  LT=0.53  
rand     k=15 s=5.0 T=0.10  S_NL=0.713  G2=0.216  CV=0.50  LT=1.05  PASS
rand     k=15 s=5.0 T=0.25  S_NL=1.171  G2=0.223  CV=0.45  LT=2.64  
rand     k=20 s=2.0 T=0.05  S_NL=0.100  G2=0.057  CV=0.80  LT=0.21  
rand     k=20 s=2.0 T=0.10  S_NL=0.199  G2=0.103  CV=0.79  LT=0.41  
rand     k=20 s=2.0 T=0.25  S_NL=0.437  G2=0.175  CV=0.77  LT=1.03  PASS
rand     k=20 s=3.0 T=0.05  S_NL=0.214  G2=0.111  CV=0.73  LT=0.31  
rand     k=20 s=3.0 T=0.10  S_NL=0.400  G2=0.180  CV=0.70  LT=0.62  PASS
rand     k=20 s=3.0 T=0.25  S_NL=0.758  G2=0.239  CV=0.64  LT=1.55  
rand     k=20 s=4.0 T=0.05  S_NL=0.327  G2=0.145  CV=0.62  LT=0.41  
rand     k=20 s=4.0 T=0.10  S_NL=0.586  G2=0.218  CV=0.58  LT=0.83  PASS
rand     k=20 s=4.0 T=0.25  S_NL=0.998  G2=0.246  CV=0.52  LT=2.06  
rand     k=20 s=5.0 T=0.05  S_NL=0.435  G2=0.167  CV=0.53  LT=0.52  PASS
rand     k=20 s=5.0 T=0.10  S_NL=0.751  G2=0.235  CV=0.50  LT=1.03  PASS
rand     k=20 s=5.0 T=0.25  S_NL=1.177  G2=0.237  CV=0.45  LT=2.58  
rand     k=30 s=2.0 T=0.05  S_NL=0.060  G2=0.038  CV=0.80  LT=0.21  
rand     k=30 s=2.0 T=0.10  S_NL=0.127  G2=0.071  CV=0.80  LT=0.42  
rand     k=30 s=2.0 T=0.25  S_NL=0.304  G2=0.128  CV=0.79  LT=1.05  
rand     k=30 s=3.0 T=0.05  S_NL=0.157  G2=0.088  CV=0.80  LT=0.32  
rand     k=30 s=3.0 T=0.10  S_NL=0.306  G2=0.148  CV=0.78  LT=0.63  
rand     k=30 s=3.0 T=0.25  S_NL=0.617  G2=0.211  CV=0.73  LT=1.58  
rand     k=30 s=4.0 T=0.05  S_NL=0.264  G2=0.129  CV=0.70  LT=0.42  
rand     k=30 s=4.0 T=0.10  S_NL=0.489  G2=0.199  CV=0.67  LT=0.84  PASS
rand     k=30 s=4.0 T=0.25  S_NL=0.872  G2=0.239  CV=0.61  LT=2.10  
rand     k=30 s=5.0 T=0.05  S_NL=0.372  G2=0.157  CV=0.61  LT=0.53  PASS
rand     k=30 s=5.0 T=0.10  S_NL=0.657  G2=0.227  CV=0.57  LT=1.05  PASS
rand     k=30 s=5.0 T=0.25  S_NL=1.066  G2=0.242  CV=0.52  LT=2.63  
rand     k=50 s=2.0 T=0.05  S_NL=0.079  G2=0.050  CV=0.96  LT=0.21  
rand     k=50 s=2.0 T=0.10  S_NL=0.153  G2=0.089  CV=0.96  LT=0.42  
rand     k=50 s=2.0 T=0.25  S_NL=0.321  G2=0.145  CV=0.97  LT=1.05  
rand     k=50 s=3.0 T=0.05  S_NL=0.190  G2=0.114  CV=0.93  LT=0.32  
rand     k=50 s=3.0 T=0.10  S_NL=0.348  G2=0.183  CV=0.90  LT=0.63  PASS
rand     k=50 s=3.0 T=0.25  S_NL=0.641  G2=0.236  CV=0.83  LT=1.58  
rand     k=50 s=4.0 T=0.05  S_NL=0.300  G2=0.153  CV=0.75  LT=0.42  PASS
rand     k=50 s=4.0 T=0.10  S_NL=0.532  G2=0.229  CV=0.72  LT=0.84  PASS
rand     k=50 s=4.0 T=0.25  S_NL=0.891  G2=0.256  CV=0.66  LT=2.10  
rand     k=50 s=5.0 T=0.05  S_NL=0.410  G2=0.178  CV=0.63  LT=0.53  PASS
rand     k=50 s=5.0 T=0.10  S_NL=0.698  G2=0.251  CV=0.60  LT=1.05  PASS
rand     k=50 s=5.0 T=0.25  S_NL=1.081  G2=0.251  CV=0.55  LT=2.63  
rand_min k=10 s=2.0 T=0.05  S_NL=0.114  G2=0.071  CV=0.91  LT=0.21  
rand_min k=10 s=2.0 T=0.10  S_NL=0.224  G2=0.131  CV=0.89  LT=0.42  
rand_min k=10 s=2.0 T=0.25  S_NL=0.515  G2=0.248  CV=0.82  LT=1.06  PASS
rand_min k=10 s=3.0 T=0.05  S_NL=0.207  G2=0.121  CV=0.82  LT=0.32  
rand_min k=10 s=3.0 T=0.10  S_NL=0.394  G2=0.209  CV=0.78  LT=0.63  PASS
rand_min k=10 s=3.0 T=0.25  S_NL=0.808  G2=0.316  CV=0.66  LT=1.59  
rand_min k=10 s=4.0 T=0.05  S_NL=0.299  G2=0.161  CV=0.74  LT=0.42  PASS
rand_min k=10 s=4.0 T=0.10  S_NL=0.550  G2=0.258  CV=0.67  LT=0.85  PASS
rand_min k=10 s=4.0 T=0.25  S_NL=1.032  G2=0.322  CV=0.53  LT=2.12  
rand_min k=10 s=5.0 T=0.05  S_NL=0.387  G2=0.193  CV=0.67  LT=0.53  PASS
rand_min k=10 s=5.0 T=0.10  S_NL=0.692  G2=0.288  CV=0.59  LT=1.06  PASS
rand_min k=10 s=5.0 T=0.25  S_NL=1.203  G2=0.308  CV=0.45  LT=2.64  
rand_min k=15 s=2.0 T=0.05  S_NL=0.112  G2=0.060  CV=0.73  LT=0.21  
rand_min k=15 s=2.0 T=0.10  S_NL=0.220  G2=0.106  CV=0.72  LT=0.42  
rand_min k=15 s=2.0 T=0.25  S_NL=0.484  G2=0.179  CV=0.70  LT=1.06  PASS
rand_min k=15 s=3.0 T=0.05  S_NL=0.210  G2=0.100  CV=0.64  LT=0.32  
rand_min k=15 s=3.0 T=0.10  S_NL=0.399  G2=0.164  CV=0.62  LT=0.64  PASS
rand_min k=15 s=3.0 T=0.25  S_NL=0.786  G2=0.230  CV=0.59  LT=1.59  
rand_min k=15 s=4.0 T=0.05  S_NL=0.310  G2=0.128  CV=0.56  LT=0.42  
rand_min k=15 s=4.0 T=0.10  S_NL=0.571  G2=0.197  CV=0.54  LT=0.85  PASS
rand_min k=15 s=4.0 T=0.25  S_NL=1.021  G2=0.241  CV=0.49  LT=2.12  
rand_min k=15 s=5.0 T=0.05  S_NL=0.410  G2=0.148  CV=0.49  LT=0.53  
rand_min k=15 s=5.0 T=0.10  S_NL=0.729  G2=0.216  CV=0.47  LT=1.06  PASS
rand_min k=15 s=5.0 T=0.25  S_NL=1.199  G2=0.237  CV=0.43  LT=2.65  
rand_min k=20 s=2.0 T=0.05  S_NL=0.085  G2=0.054  CV=0.89  LT=0.19  
rand_min k=20 s=2.0 T=0.10  S_NL=0.164  G2=0.098  CV=0.89  LT=0.38  
rand_min k=20 s=2.0 T=0.25  S_NL=0.375  G2=0.191  CV=0.87  LT=0.94  PASS
rand_min k=20 s=3.0 T=0.05  S_NL=0.163  G2=0.099  CV=0.85  LT=0.28  
rand_min k=20 s=3.0 T=0.10  S_NL=0.312  G2=0.173  CV=0.83  LT=0.57  PASS
rand_min k=20 s=3.0 T=0.25  S_NL=0.654  G2=0.286  CV=0.76  LT=1.42  PASS
rand_min k=20 s=4.0 T=0.05  S_NL=0.246  G2=0.136  CV=0.75  LT=0.38  
rand_min k=20 s=4.0 T=0.10  S_NL=0.461  G2=0.227  CV=0.72  LT=0.76  PASS
rand_min k=20 s=4.0 T=0.25  S_NL=0.885  G2=0.325  CV=0.64  LT=1.89  
rand_min k=20 s=5.0 T=0.05  S_NL=0.329  G2=0.166  CV=0.67  LT=0.47  PASS
rand_min k=20 s=5.0 T=0.10  S_NL=0.603  G2=0.264  CV=0.63  LT=0.94  PASS
rand_min k=20 s=5.0 T=0.25  S_NL=1.068  G2=0.335  CV=0.54  LT=2.36  
rand_min k=30 s=2.0 T=0.05  S_NL=0.084  G2=0.049  CV=0.87  LT=0.20  
rand_min k=30 s=2.0 T=0.10  S_NL=0.168  G2=0.092  CV=0.86  LT=0.41  
rand_min k=30 s=2.0 T=0.25  S_NL=0.386  G2=0.170  CV=0.85  LT=1.02  PASS
rand_min k=30 s=3.0 T=0.05  S_NL=0.181  G2=0.104  CV=0.86  LT=0.31  
rand_min k=30 s=3.0 T=0.10  S_NL=0.346  G2=0.178  CV=0.83  LT=0.61  PASS
rand_min k=30 s=3.0 T=0.25  S_NL=0.694  G2=0.257  CV=0.74  LT=1.53  
rand_min k=30 s=4.0 T=0.05  S_NL=0.280  G2=0.145  CV=0.74  LT=0.41  
rand_min k=30 s=4.0 T=0.10  S_NL=0.515  G2=0.230  CV=0.70  LT=0.81  PASS
rand_min k=30 s=4.0 T=0.25  S_NL=0.935  G2=0.276  CV=0.60  LT=2.04  
rand_min k=30 s=5.0 T=0.05  S_NL=0.377  G2=0.175  CV=0.65  LT=0.51  PASS
rand_min k=30 s=5.0 T=0.10  S_NL=0.670  G2=0.260  CV=0.61  LT=1.02  PASS
rand_min k=30 s=5.0 T=0.25  S_NL=1.118  G2=0.268  CV=0.50  LT=2.54  
rand_min k=50 s=2.0 T=0.05  S_NL=0.081  G2=0.049  CV=0.92  LT=0.21  
rand_min k=50 s=2.0 T=0.10  S_NL=0.161  G2=0.090  CV=0.92  LT=0.42  
rand_min k=50 s=2.0 T=0.25  S_NL=0.356  G2=0.159  CV=0.91  LT=1.05  PASS
rand_min k=50 s=3.0 T=0.05  S_NL=0.182  G2=0.105  CV=0.88  LT=0.32  
rand_min k=50 s=3.0 T=0.10  S_NL=0.345  G2=0.175  CV=0.85  LT=0.63  PASS
rand_min k=50 s=3.0 T=0.25  S_NL=0.670  G2=0.245  CV=0.78  LT=1.58  
rand_min k=50 s=4.0 T=0.05  S_NL=0.287  G2=0.145  CV=0.74  LT=0.42  
rand_min k=50 s=4.0 T=0.10  S_NL=0.524  G2=0.224  CV=0.71  LT=0.84  PASS
rand_min k=50 s=4.0 T=0.25  S_NL=0.919  G2=0.268  CV=0.63  LT=2.10  
rand_min k=50 s=5.0 T=0.05  S_NL=0.392  G2=0.173  CV=0.64  LT=0.53  PASS
rand_min k=50 s=5.0 T=0.10  S_NL=0.690  G2=0.252  CV=0.61  LT=1.05  PASS
rand_min k=50 s=5.0 T=0.25  S_NL=1.108  G2=0.267  CV=0.54  LT=2.63  
simplex  k=10 s=2.0 T=0.05  S_NL=0.077  G2=0.041  CV=0.75  LT=0.14  
simplex  k=10 s=2.0 T=0.10  S_NL=0.151  G2=0.072  CV=0.75  LT=0.28  
simplex  k=10 s=2.0 T=0.25  S_NL=0.327  G2=0.114  CV=0.75  LT=0.71  
simplex  k=10 s=3.0 T=0.05  S_NL=0.152  G2=0.072  CV=0.67  LT=0.21  
simplex  k=10 s=3.0 T=0.10  S_NL=0.290  G2=0.119  CV=0.67  LT=0.42  
simplex  k=10 s=3.0 T=0.25  S_NL=0.577  G2=0.167  CV=0.67  LT=1.06  PASS
simplex  k=10 s=4.0 T=0.05  S_NL=0.231  G2=0.094  CV=0.58  LT=0.28  
simplex  k=10 s=4.0 T=0.10  S_NL=0.430  G2=0.148  CV=0.58  LT=0.57  
simplex  k=10 s=4.0 T=0.25  S_NL=0.795  G2=0.187  CV=0.58  LT=1.41  PASS
simplex  k=10 s=5.0 T=0.05  S_NL=0.312  G2=0.110  CV=0.51  LT=0.35  
simplex  k=10 s=5.0 T=0.10  S_NL=0.565  G2=0.165  CV=0.51  LT=0.71  PASS
simplex  k=10 s=5.0 T=0.25  S_NL=0.975  G2=0.190  CV=0.51  LT=1.77  
simplex  k=15 s=2.0 T=0.05  S_NL=0.067  G2=0.035  CV=0.72  LT=0.14  
simplex  k=15 s=2.0 T=0.10  S_NL=0.131  G2=0.060  CV=0.72  LT=0.28  
simplex  k=15 s=2.0 T=0.25  S_NL=0.276  G2=0.092  CV=0.72  LT=0.71  
simplex  k=15 s=3.0 T=0.05  S_NL=0.143  G2=0.070  CV=0.69  LT=0.21  
simplex  k=15 s=3.0 T=0.10  S_NL=0.271  G2=0.114  CV=0.69  LT=0.42  
simplex  k=15 s=3.0 T=0.25  S_NL=0.525  G2=0.152  CV=0.69  LT=1.06  PASS
simplex  k=15 s=4.0 T=0.05  S_NL=0.226  G2=0.097  CV=0.62  LT=0.28  
simplex  k=15 s=4.0 T=0.10  S_NL=0.415  G2=0.149  CV=0.62  LT=0.57  
simplex  k=15 s=4.0 T=0.25  S_NL=0.745  G2=0.178  CV=0.62  LT=1.41  PASS
simplex  k=15 s=5.0 T=0.05  S_NL=0.310  G2=0.116  CV=0.55  LT=0.35  
simplex  k=15 s=5.0 T=0.10  S_NL=0.553  G2=0.169  CV=0.55  LT=0.71  PASS
simplex  k=15 s=5.0 T=0.25  S_NL=0.928  G2=0.185  CV=0.55  LT=1.77  
simplex  k=20 s=2.0 T=0.05  S_NL=0.061  G2=0.034  CV=0.78  LT=0.14  
simplex  k=20 s=2.0 T=0.10  S_NL=0.118  G2=0.059  CV=0.78  LT=0.28  
simplex  k=20 s=2.0 T=0.25  S_NL=0.247  G2=0.089  CV=0.78  LT=0.71  
simplex  k=20 s=3.0 T=0.05  S_NL=0.132  G2=0.069  CV=0.77  LT=0.21  
simplex  k=20 s=3.0 T=0.10  S_NL=0.253  G2=0.114  CV=0.77  LT=0.42  
simplex  k=20 s=3.0 T=0.25  S_NL=0.496  G2=0.154  CV=0.77  LT=1.06  PASS
simplex  k=20 s=4.0 T=0.05  S_NL=0.211  G2=0.096  CV=0.67  LT=0.28  
simplex  k=20 s=4.0 T=0.10  S_NL=0.396  G2=0.152  CV=0.67  LT=0.57  PASS
simplex  k=20 s=4.0 T=0.25  S_NL=0.723  G2=0.186  CV=0.67  LT=1.41  PASS
simplex  k=20 s=5.0 T=0.05  S_NL=0.293  G2=0.116  CV=0.59  LT=0.35  
simplex  k=20 s=5.0 T=0.10  S_NL=0.536  G2=0.175  CV=0.59  LT=0.71  PASS
simplex  k=20 s=5.0 T=0.25  S_NL=0.914  G2=0.195  CV=0.59  LT=1.77  
simplex  k=30 s=2.0 T=0.05  S_NL=0.055  G2=0.030  CV=0.69  LT=0.14  
simplex  k=30 s=2.0 T=0.10  S_NL=0.106  G2=0.049  CV=0.69  LT=0.28  
simplex  k=30 s=2.0 T=0.25  S_NL=0.209  G2=0.068  CV=0.69  LT=0.71  
simplex  k=30 s=3.0 T=0.05  S_NL=0.133  G2=0.069  CV=0.76  LT=0.21  
simplex  k=30 s=3.0 T=0.10  S_NL=0.246  G2=0.110  CV=0.76  LT=0.42  
simplex  k=30 s=3.0 T=0.25  S_NL=0.450  G2=0.135  CV=0.76  LT=1.06  
simplex  k=30 s=4.0 T=0.05  S_NL=0.220  G2=0.103  CV=0.69  LT=0.28  
simplex  k=30 s=4.0 T=0.10  S_NL=0.396  G2=0.155  CV=0.69  LT=0.57  PASS
simplex  k=30 s=4.0 T=0.25  S_NL=0.678  G2=0.173  CV=0.69  LT=1.41  PASS
simplex  k=30 s=5.0 T=0.05  S_NL=0.307  G2=0.127  CV=0.62  LT=0.35  
simplex  k=30 s=5.0 T=0.10  S_NL=0.540  G2=0.182  CV=0.62  LT=0.71  PASS
simplex  k=30 s=5.0 T=0.25  S_NL=0.869  G2=0.187  CV=0.62  LT=1.77  
simplex  k=50 s=2.0 T=0.05  S_NL=0.045  G2=0.024  CV=0.79  LT=0.14  
simplex  k=50 s=2.0 T=0.10  S_NL=0.082  G2=0.037  CV=0.79  LT=0.28  
simplex  k=50 s=2.0 T=0.25  S_NL=0.153  G2=0.048  CV=0.79  LT=0.71  
simplex  k=50 s=3.0 T=0.05  S_NL=0.114  G2=0.060  CV=0.87  LT=0.21  
simplex  k=50 s=3.0 T=0.10  S_NL=0.209  G2=0.094  CV=0.87  LT=0.42  
simplex  k=50 s=3.0 T=0.25  S_NL=0.375  G2=0.111  CV=0.87  LT=1.06  
simplex  k=50 s=4.0 T=0.05  S_NL=0.201  G2=0.096  CV=0.78  LT=0.28  
simplex  k=50 s=4.0 T=0.10  S_NL=0.359  G2=0.142  CV=0.78  LT=0.57  
simplex  k=50 s=4.0 T=0.25  S_NL=0.602  G2=0.152  CV=0.78  LT=1.41  PASS
simplex  k=50 s=5.0 T=0.05  S_NL=0.292  G2=0.123  CV=0.68  LT=0.35  
simplex  k=50 s=5.0 T=0.10  S_NL=0.507  G2=0.173  CV=0.68  LT=0.71  PASS
simplex  k=50 s=5.0 T=0.25  S_NL=0.799  G2=0.169  CV=0.68  LT=1.77  

== seed stability of passing configurations (seeds 1-4)
rand     k=10 s=2.0 T=0.25  G2 over seeds: [0.174, 0.193, 0.182, 0.198]  min=0.174
rand     k=10 s=3.0 T=0.10  G2 over seeds: [0.157, 0.175, 0.167, 0.171]  min=0.157
rand     k=10 s=4.0 T=0.10  G2 over seeds: [0.19, 0.215, 0.21, 0.21]  min=0.190
rand     k=10 s=5.0 T=0.10  G2 over seeds: [0.207, 0.238, 0.237, 0.234]  min=0.207
rand     k=15 s=3.0 T=0.10  G2 over seeds: [0.182, 0.186, 0.18, 0.19]  min=0.180
rand     k=15 s=4.0 T=0.10  G2 over seeds: [0.221, 0.235, 0.233, 0.222]  min=0.221
rand     k=15 s=5.0 T=0.10  G2 over seeds: [0.241, 0.264, 0.268, 0.235]  min=0.235
rand     k=20 s=2.0 T=0.25  G2 over seeds: [0.188, 0.191, 0.177, 0.202]  min=0.177
rand     k=20 s=3.0 T=0.10  G2 over seeds: [0.191, 0.187, 0.175, 0.188]  min=0.175
rand     k=20 s=4.0 T=0.10  G2 over seeds: [0.239, 0.238, 0.215, 0.231]  min=0.215
rand     k=20 s=5.0 T=0.05  G2 over seeds: [0.179, 0.178, 0.158, 0.173]  min=0.158
rand     k=20 s=5.0 T=0.10  G2 over seeds: [0.266, 0.266, 0.237, 0.255]  min=0.237
rand     k=30 s=4.0 T=0.10  G2 over seeds: [0.206, 0.234, 0.229, 0.222]  min=0.206
rand     k=30 s=5.0 T=0.05  G2 over seeds: [0.157, 0.179, 0.178, 0.169]  min=0.157
rand     k=30 s=5.0 T=0.10  G2 over seeds: [0.223, 0.256, 0.251, 0.246]  min=0.223
rand     k=50 s=3.0 T=0.10  G2 over seeds: [0.181, 0.158, 0.174, 0.152]  min=0.152
rand     k=50 s=4.0 T=0.05  G2 over seeds: [0.149, 0.147, 0.151, 0.137]  min=0.137
rand     k=50 s=4.0 T=0.10  G2 over seeds: [0.219, 0.219, 0.224, 0.199]  min=0.199
rand     k=50 s=5.0 T=0.05  G2 over seeds: [0.172, 0.18, 0.18, 0.164]  min=0.164
rand     k=50 s=5.0 T=0.10  G2 over seeds: [0.235, 0.249, 0.25, 0.22]  min=0.220
rand_min k=10 s=2.0 T=0.25  G2 over seeds: [0.191, 0.22, 0.18, 0.173]  min=0.173
rand_min k=10 s=3.0 T=0.10  G2 over seeds: [0.17, 0.188, 0.15, 0.148]  min=0.148
rand_min k=10 s=4.0 T=0.05  G2 over seeds: [0.133, 0.144, 0.115, 0.112]  min=0.112
rand_min k=10 s=4.0 T=0.10  G2 over seeds: [0.221, 0.24, 0.188, 0.182]  min=0.182
rand_min k=10 s=5.0 T=0.05  G2 over seeds: [0.162, 0.174, 0.138, 0.132]  min=0.132
rand_min k=10 s=5.0 T=0.10  G2 over seeds: [0.257, 0.275, 0.213, 0.202]  min=0.202
rand_min k=15 s=2.0 T=0.25  G2 over seeds: [0.186, 0.197, 0.217, 0.193]  min=0.186
rand_min k=15 s=3.0 T=0.10  G2 over seeds: [0.173, 0.171, 0.193, 0.171]  min=0.171
rand_min k=15 s=4.0 T=0.10  G2 over seeds: [0.209, 0.212, 0.246, 0.224]  min=0.209
rand_min k=15 s=5.0 T=0.10  G2 over seeds: [0.226, 0.239, 0.28, 0.261]  min=0.226
rand_min k=20 s=2.0 T=0.25  G2 over seeds: [0.183, 0.18, 0.181, 0.224]  min=0.180
rand_min k=20 s=3.0 T=0.10  G2 over seeds: [0.178, 0.165, 0.17, 0.206]  min=0.165
rand_min k=20 s=3.0 T=0.25  G2 over seeds: [0.255, 0.26, 0.247, 0.31]  min=0.247
rand_min k=20 s=4.0 T=0.10  G2 over seeds: [0.219, 0.212, 0.212, 0.256]  min=0.212
rand_min k=20 s=5.0 T=0.05  G2 over seeds: [0.163, 0.157, 0.161, 0.189]  min=0.157
rand_min k=20 s=5.0 T=0.10  G2 over seeds: [0.241, 0.243, 0.237, 0.286]  min=0.237
rand_min k=30 s=2.0 T=0.25  G2 over seeds: [0.168, 0.179, 0.181, 0.184]  min=0.168
rand_min k=30 s=3.0 T=0.10  G2 over seeds: [0.169, 0.187, 0.174, 0.185]  min=0.169
rand_min k=30 s=4.0 T=0.10  G2 over seeds: [0.21, 0.232, 0.231, 0.233]  min=0.210
rand_min k=30 s=5.0 T=0.05  G2 over seeds: [0.16, 0.179, 0.17, 0.175]  min=0.160
rand_min k=30 s=5.0 T=0.10  G2 over seeds: [0.233, 0.256, 0.269, 0.26]  min=0.233
rand_min k=50 s=2.0 T=0.25  G2 over seeds: [0.155, 0.134, 0.16, 0.163]  min=0.134
rand_min k=50 s=3.0 T=0.10  G2 over seeds: [0.176, 0.161, 0.18, 0.178]  min=0.161
rand_min k=50 s=4.0 T=0.10  G2 over seeds: [0.228, 0.21, 0.228, 0.22]  min=0.210
rand_min k=50 s=5.0 T=0.05  G2 over seeds: [0.175, 0.165, 0.178, 0.169]  min=0.165
rand_min k=50 s=5.0 T=0.10  G2 over seeds: [0.257, 0.234, 0.255, 0.243]  min=0.234
simplex  k=10 s=3.0 T=0.25  G2 over seeds: [0.165, 0.156, 0.165, 0.173]  min=0.156
simplex  k=10 s=4.0 T=0.25  G2 over seeds: [0.185, 0.177, 0.187, 0.195]  min=0.177
simplex  k=10 s=5.0 T=0.10  G2 over seeds: [0.163, 0.164, 0.167, 0.178]  min=0.163
simplex  k=15 s=3.0 T=0.25  G2 over seeds: [0.143, 0.154, 0.158, 0.164]  min=0.143
simplex  k=15 s=4.0 T=0.25  G2 over seeds: [0.172, 0.181, 0.186, 0.189]  min=0.172
simplex  k=15 s=5.0 T=0.10  G2 over seeds: [0.169, 0.171, 0.176, 0.169]  min=0.169
simplex  k=20 s=3.0 T=0.25  G2 over seeds: [0.157, 0.151, 0.144, 0.153]  min=0.144
simplex  k=20 s=4.0 T=0.10  G2 over seeds: [0.155, 0.153, 0.151, 0.16]  min=0.151
simplex  k=20 s=4.0 T=0.25  G2 over seeds: [0.186, 0.18, 0.173, 0.183]  min=0.173
simplex  k=20 s=5.0 T=0.10  G2 over seeds: [0.176, 0.174, 0.173, 0.182]  min=0.173
simplex  k=30 s=4.0 T=0.10  G2 over seeds: [0.151, 0.149, 0.153, 0.155]  min=0.149
simplex  k=30 s=4.0 T=0.25  G2 over seeds: [0.168, 0.161, 0.167, 0.17]  min=0.161
simplex  k=30 s=5.0 T=0.10  G2 over seeds: [0.176, 0.176, 0.178, 0.181]  min=0.176
simplex  k=50 s=4.0 T=0.25  G2 over seeds: [0.156, 0.163, 0.167, 0.164]  min=0.156
simplex  k=50 s=5.0 T=0.10  G2 over seeds: [0.182, 0.177, 0.18, 0.183]  min=0.177
